[0.712s] DEBUG:colcon:Command line arguments: ['/usr/bin/colcon', 'build', '--cmake-args', '-DROS_EDITION=ROS2', '-DDISTRO_ROS=humble']
[0.713s] DEBUG:colcon:Parsed command line arguments: Namespace(log_base=None, log_level=None, verb_name='build', build_base='build', install_base='install', merge_install=False, symlink_install=False, test_result_base=None, continue_on_error=False, executor='parallel', parallel_workers=4, event_handlers=None, ignore_user_meta=False, metas=['./colcon.meta'], base_paths=['.'], packages_ignore=None, packages_ignore_regex=None, paths=None, packages_up_to=None, packages_up_to_regex=None, packages_above=None, packages_above_and_dependencies=None, packages_above_depth=None, packages_select_by_dep=None, packages_skip_by_dep=None, packages_skip_up_to=None, packages_select_build_failed=False, packages_skip_build_finished=False, packages_select_test_failures=False, packages_skip_test_passed=False, packages_select=None, packages_skip=None, packages_select_regex=None, packages_skip_regex=None, packages_start=None, packages_end=None, allow_overriding=[], cmake_args=['-DROS_EDITION=ROS2', '-DDISTRO_ROS=humble'], cmake_target=None, cmake_target_skip_unavailable=False, cmake_clean_cache=False, cmake_clean_first=False, cmake_force_configure=False, ament_cmake_args=None, catkin_cmake_args=None, catkin_skip_building_tests=False, verb_parser=<colcon_defaults.argument_parser.defaults.DefaultArgumentsDecorator object at 0x7f82e870b070>, verb_extension=<colcon_core.verb.build.BuildVerb object at 0x7f82e870aa70>, main=<bound method BuildVerb.main of <colcon_core.verb.build.BuildVerb object at 0x7f82e870aa70>>)
[1.860s] Level 1:colcon.colcon_core.package_discovery:discover_packages(colcon_meta) check parameters
[1.861s] Level 1:colcon.colcon_core.package_discovery:discover_packages(recursive) check parameters
[1.861s] Level 1:colcon.colcon_core.package_discovery:discover_packages(ignore) check parameters
[1.861s] Level 1:colcon.colcon_core.package_discovery:discover_packages(path) check parameters
[1.862s] Level 1:colcon.colcon_core.package_discovery:discover_packages(colcon_meta) discover
[1.862s] Level 1:colcon.colcon_core.package_discovery:discover_packages(recursive) discover
[1.862s] INFO:colcon.colcon_core.package_discovery:Crawling recursively for packages in '/home/humi/livox_ws'
[1.863s] Level 1:colcon.colcon_core.package_identification:_identify(.) by extensions ['ignore', 'ignore_ament_install']
[1.864s] Level 1:colcon.colcon_core.package_identification:_identify(.) by extension 'ignore'
[1.864s] Level 1:colcon.colcon_core.package_identification:_identify(.) by extension 'ignore_ament_install'
[1.865s] Level 1:colcon.colcon_core.package_identification:_identify(.) by extensions ['colcon_pkg']
[1.865s] Level 1:colcon.colcon_core.package_identification:_identify(.) by extension 'colcon_pkg'
[1.865s] Level 1:colcon.colcon_core.package_identification:_identify(.) by extensions ['colcon_meta']
[1.865s] Level 1:colcon.colcon_core.package_identification:_identify(.) by extension 'colcon_meta'
[1.866s] Level 1:colcon.colcon_core.package_identification:_identify(.) by extensions ['ros']
[1.866s] Level 1:colcon.colcon_core.package_identification:_identify(.) by extension 'ros'
[1.945s] Level 1:colcon.colcon_core.package_identification:_identify(.) by extensions ['cmake', 'python']
[1.945s] Level 1:colcon.colcon_core.package_identification:_identify(.) by extension 'cmake'
[1.946s] Level 1:colcon.colcon_core.package_identification:_identify(.) by extension 'python'
[1.946s] Level 1:colcon.colcon_core.package_identification:_identify(.) by extensions ['python_setup_py']
[1.946s] Level 1:colcon.colcon_core.package_identification:_identify(.) by extension 'python_setup_py'
[1.947s] Level 1:colcon.colcon_core.package_identification:_identify(Livox-SDK2) by extensions ['ignore', 'ignore_ament_install']
[1.948s] Level 1:colcon.colcon_core.package_identification:_identify(Livox-SDK2) by extension 'ignore'
[1.948s] Level 1:colcon.colcon_core.package_identification:_identify(Livox-SDK2) by extension 'ignore_ament_install'
[1.949s] Level 1:colcon.colcon_core.package_identification:_identify(Livox-SDK2) by extensions ['colcon_pkg']
[1.949s] Level 1:colcon.colcon_core.package_identification:_identify(Livox-SDK2) by extension 'colcon_pkg'
[1.949s] Level 1:colcon.colcon_core.package_identification:_identify(Livox-SDK2) by extensions ['colcon_meta']
[1.950s] Level 1:colcon.colcon_core.package_identification:_identify(Livox-SDK2) by extension 'colcon_meta'
[1.950s] Level 1:colcon.colcon_core.package_identification:_identify(Livox-SDK2) by extensions ['ros']
[1.950s] Level 1:colcon.colcon_core.package_identification:_identify(Livox-SDK2) by extension 'ros'
[1.951s] Level 1:colcon.colcon_core.package_identification:_identify(Livox-SDK2) by extensions ['cmake', 'python']
[1.951s] Level 1:colcon.colcon_core.package_identification:_identify(Livox-SDK2) by extension 'cmake'
[2.035s] Level 1:colcon.colcon_core.package_identification:_identify(Livox-SDK2) by extension 'python'
[2.036s] DEBUG:colcon.colcon_core.package_identification:Package 'Livox-SDK2' with type 'cmake' and name 'livox_sdk2'
[2.037s] Level 1:colcon.colcon_core.package_identification:_identify(build) by extensions ['ignore', 'ignore_ament_install']
[2.037s] Level 1:colcon.colcon_core.package_identification:_identify(build) by extension 'ignore'
[2.037s] Level 1:colcon.colcon_core.package_identification:_identify(build) ignored
[2.038s] Level 1:colcon.colcon_core.package_identification:_identify(install) by extensions ['ignore', 'ignore_ament_install']
[2.039s] Level 1:colcon.colcon_core.package_identification:_identify(install) by extension 'ignore'
[2.039s] Level 1:colcon.colcon_core.package_identification:_identify(install) ignored
[2.040s] Level 1:colcon.colcon_core.package_identification:_identify(log) by extensions ['ignore', 'ignore_ament_install']
[2.040s] Level 1:colcon.colcon_core.package_identification:_identify(log) by extension 'ignore'
[2.041s] Level 1:colcon.colcon_core.package_identification:_identify(log) ignored
[2.041s] Level 1:colcon.colcon_core.package_identification:_identify(src) by extensions ['ignore', 'ignore_ament_install']
[2.042s] Level 1:colcon.colcon_core.package_identification:_identify(src) by extension 'ignore'
[2.042s] Level 1:colcon.colcon_core.package_identification:_identify(src) by extension 'ignore_ament_install'
[2.043s] Level 1:colcon.colcon_core.package_identification:_identify(src) by extensions ['colcon_pkg']
[2.043s] Level 1:colcon.colcon_core.package_identification:_identify(src) by extension 'colcon_pkg'
[2.043s] Level 1:colcon.colcon_core.package_identification:_identify(src) by extensions ['colcon_meta']
[2.043s] Level 1:colcon.colcon_core.package_identification:_identify(src) by extension 'colcon_meta'
[2.044s] Level 1:colcon.colcon_core.package_identification:_identify(src) by extensions ['ros']
[2.044s] Level 1:colcon.colcon_core.package_identification:_identify(src) by extension 'ros'
[2.045s] Level 1:colcon.colcon_core.package_identification:_identify(src) by extensions ['cmake', 'python']
[2.045s] Level 1:colcon.colcon_core.package_identification:_identify(src) by extension 'cmake'
[2.045s] Level 1:colcon.colcon_core.package_identification:_identify(src) by extension 'python'
[2.046s] Level 1:colcon.colcon_core.package_identification:_identify(src) by extensions ['python_setup_py']
[2.046s] Level 1:colcon.colcon_core.package_identification:_identify(src) by extension 'python_setup_py'
[2.046s] Level 1:colcon.colcon_core.package_identification:_identify(src/livox_ros_driver2) by extensions ['ignore', 'ignore_ament_install']
[2.047s] Level 1:colcon.colcon_core.package_identification:_identify(src/livox_ros_driver2) by extension 'ignore'
[2.047s] Level 1:colcon.colcon_core.package_identification:_identify(src/livox_ros_driver2) by extension 'ignore_ament_install'
[2.048s] Level 1:colcon.colcon_core.package_identification:_identify(src/livox_ros_driver2) by extensions ['colcon_pkg']
[2.048s] Level 1:colcon.colcon_core.package_identification:_identify(src/livox_ros_driver2) by extension 'colcon_pkg'
[2.048s] Level 1:colcon.colcon_core.package_identification:_identify(src/livox_ros_driver2) by extensions ['colcon_meta']
[2.048s] Level 1:colcon.colcon_core.package_identification:_identify(src/livox_ros_driver2) by extension 'colcon_meta'
[2.049s] Level 1:colcon.colcon_core.package_identification:_identify(src/livox_ros_driver2) by extensions ['ros']
[2.049s] Level 1:colcon.colcon_core.package_identification:_identify(src/livox_ros_driver2) by extension 'ros'
[2.071s] DEBUG:colcon.colcon_core.package_identification:Package 'src/livox_ros_driver2' with type 'ros.ament_cmake' and name 'livox_ros_driver2'
[2.072s] Level 1:colcon.colcon_core.package_identification:_identify(src/mid360_check) by extensions ['ignore', 'ignore_ament_install']
[2.073s] Level 1:colcon.colcon_core.package_identification:_identify(src/mid360_check) by extension 'ignore'
[2.073s] Level 1:colcon.colcon_core.package_identification:_identify(src/mid360_check) by extension 'ignore_ament_install'
[2.074s] Level 1:colcon.colcon_core.package_identification:_identify(src/mid360_check) by extensions ['colcon_pkg']
[2.074s] Level 1:colcon.colcon_core.package_identification:_identify(src/mid360_check) by extension 'colcon_pkg'
[2.074s] Level 1:colcon.colcon_core.package_identification:_identify(src/mid360_check) by extensions ['colcon_meta']
[2.075s] Level 1:colcon.colcon_core.package_identification:_identify(src/mid360_check) by extension 'colcon_meta'
[2.075s] Level 1:colcon.colcon_core.package_identification:_identify(src/mid360_check) by extensions ['ros']
[2.075s] Level 1:colcon.colcon_core.package_identification:_identify(src/mid360_check) by extension 'ros'
[2.079s] DEBUG:colcon.colcon_core.package_identification:Package 'src/mid360_check' with type 'ros.ament_python' and name 'mid360_check'
[2.080s] Level 1:colcon.colcon_core.package_identification:_identify(tools) by extensions ['ignore', 'ignore_ament_install']
[2.080s] Level 1:colcon.colcon_core.package_identification:_identify(tools) by extension 'ignore'
[2.081s] Level 1:colcon.colcon_core.package_identification:_identify(tools) by extension 'ignore_ament_install'
[2.081s] Level 1:colcon.colcon_core.package_identification:_identify(tools) by extensions ['colcon_pkg']
[2.081s] Level 1:colcon.colcon_core.package_identification:_identify(tools) by extension 'colcon_pkg'
[2.081s] Level 1:colcon.colcon_core.package_identification:_identify(tools) by extensions ['colcon_meta']
[2.082s] Level 1:colcon.colcon_core.package_identification:_identify(tools) by extension 'colcon_meta'
[2.082s] Level 1:colcon.colcon_core.package_identification:_identify(tools) by extensions ['ros']
[2.082s] Level 1:colcon.colcon_core.package_identification:_identify(tools) by extension 'ros'
[2.083s] Level 1:colcon.colcon_core.package_identification:_identify(tools) by extensions ['cmake', 'python']
[2.083s] Level 1:colcon.colcon_core.package_identification:_identify(tools) by extension 'cmake'
[2.083s] Level 1:colcon.colcon_core.package_identification:_identify(tools) by extension 'python'
[2.084s] Level 1:colcon.colcon_core.package_identification:_identify(tools) by extensions ['python_setup_py']
[2.084s] Level 1:colcon.colcon_core.package_identification:_identify(tools) by extension 'python_setup_py'
[2.085s] Level 1:colcon.colcon_core.package_identification:_identify(tools/__pycache__) by extensions ['ignore', 'ignore_ament_install']
[2.085s] Level 1:colcon.colcon_core.package_identification:_identify(tools/__pycache__) by extension 'ignore'
[2.085s] Level 1:colcon.colcon_core.package_identification:_identify(tools/__pycache__) by extension 'ignore_ament_install'
[2.086s] Level 1:colcon.colcon_core.package_identification:_identify(tools/__pycache__) by extensions ['colcon_pkg']
[2.086s] Level 1:colcon.colcon_core.package_identification:_identify(tools/__pycache__) by extension 'colcon_pkg'
[2.086s] Level 1:colcon.colcon_core.package_identification:_identify(tools/__pycache__) by extensions ['colcon_meta']
[2.087s] Level 1:colcon.colcon_core.package_identification:_identify(tools/__pycache__) by extension 'colcon_meta'
[2.087s] Level 1:colcon.colcon_core.package_identification:_identify(tools/__pycache__) by extensions ['ros']
[2.087s] Level 1:colcon.colcon_core.package_identification:_identify(tools/__pycache__) by extension 'ros'
[2.088s] Level 1:colcon.colcon_core.package_identification:_identify(tools/__pycache__) by extensions ['cmake', 'python']
[2.088s] Level 1:colcon.colcon_core.package_identification:_identify(tools/__pycache__) by extension 'cmake'
[2.088s] Level 1:colcon.colcon_core.package_identification:_identify(tools/__pycache__) by extension 'python'
[2.089s] Level 1:colcon.colcon_core.package_identification:_identify(tools/__pycache__) by extensions ['python_setup_py']
[2.089s] Level 1:colcon.colcon_core.package_identification:_identify(tools/__pycache__) by extension 'python_setup_py'
[2.089s] Level 1:colcon.colcon_core.package_discovery:discover_packages(recursive) using defaults
[2.090s] Level 1:colcon.colcon_core.package_discovery:discover_packages(ignore) discover
[2.090s] Level 1:colcon.colcon_core.package_discovery:discover_packages(ignore) using defaults
[2.090s] Level 1:colcon.colcon_core.package_discovery:discover_packages(path) discover
[2.090s] Level 1:colcon.colcon_core.package_discovery:discover_packages(path) using defaults
[2.228s] Level 1:colcon.colcon_core.package_discovery:discover_packages(prefix_path) check parameters
[2.229s] Level 1:colcon.colcon_core.package_discovery:discover_packages(prefix_path) discover
[2.246s] DEBUG:colcon.colcon_installed_package_information.package_discovery:Found 273 installed packages in /opt/ros/humble
[2.262s] Level 1:colcon.colcon_core.package_discovery:discover_packages(prefix_path) using defaults
[2.604s] Level 5:colcon.colcon_core.verb:set package 'livox_ros_driver2' build argument 'cmake_args' from command line to '['-DROS_EDITION=ROS2', '-DDISTRO_ROS=humble']'
[2.605s] Level 5:colcon.colcon_core.verb:set package 'livox_ros_driver2' build argument 'cmake_target' from command line to 'None'
[2.605s] Level 5:colcon.colcon_core.verb:set package 'livox_ros_driver2' build argument 'cmake_target_skip_unavailable' from command line to 'False'
[2.605s] Level 5:colcon.colcon_core.verb:set package 'livox_ros_driver2' build argument 'cmake_clean_cache' from command line to 'False'
[2.605s] Level 5:colcon.colcon_core.verb:set package 'livox_ros_driver2' build argument 'cmake_clean_first' from command line to 'False'
[2.606s] Level 5:colcon.colcon_core.verb:set package 'livox_ros_driver2' build argument 'cmake_force_configure' from command line to 'False'
[2.606s] Level 5:colcon.colcon_core.verb:set package 'livox_ros_driver2' build argument 'ament_cmake_args' from command line to 'None'
[2.606s] Level 5:colcon.colcon_core.verb:set package 'livox_ros_driver2' build argument 'catkin_cmake_args' from command line to 'None'
[2.606s] Level 5:colcon.colcon_core.verb:set package 'livox_ros_driver2' build argument 'catkin_skip_building_tests' from command line to 'False'
[2.607s] DEBUG:colcon.colcon_core.verb:Building package 'livox_ros_driver2' with the following arguments: {'ament_cmake_args': None, 'build_base': '/home/humi/livox_ws/build/livox_ros_driver2', 'catkin_cmake_args': None, 'catkin_skip_building_tests': False, 'cmake_args': ['-DROS_EDITION=ROS2', '-DDISTRO_ROS=humble'], 'cmake_clean_cache': False, 'cmake_clean_first': False, 'cmake_force_configure': False, 'cmake_target': None, 'cmake_target_skip_unavailable': False, 'install_base': '/home/humi/livox_ws/install/livox_ros_driver2', 'merge_install': False, 'path': '/home/humi/livox_ws/src/livox_ros_driver2', 'symlink_install': False, 'test_result_base': None}
[2.610s] Level 5:colcon.colcon_core.verb:set package 'livox_sdk2' build argument 'cmake_args' from command line to '['-DROS_EDITION=ROS2', '-DDISTRO_ROS=humble']'
[2.610s] Level 5:colcon.colcon_core.verb:set package 'livox_sdk2' build argument 'cmake_target' from command line to 'None'
[2.610s] Level 5:colcon.colcon_core.verb:set package 'livox_sdk2' build argument 'cmake_target_skip_unavailable' from command line to 'False'
[2.610s] Level 5:colcon.colcon_core.verb:set package 'livox_sdk2' build argument 'cmake_clean_cache' from command line to 'False'
[2.610s] Level 5:colcon.colcon_core.verb:set package 'livox_sdk2' build argument 'cmake_clean_first' from command line to 'False'
[2.611s] Level 5:colcon.colcon_core.verb:set package 'livox_sdk2' build argument 'cmake_force_configure' from command line to 'False'
[2.611s] Level 5:colcon.colcon_core.verb:set package 'livox_sdk2' build argument 'ament_cmake_args' from command line to 'None'
[2.611s] Level 5:colcon.colcon_core.verb:set package 'livox_sdk2' build argument 'catkin_cmake_args' from command line to 'None'
[2.611s] Level 5:colcon.colcon_core.verb:set package 'livox_sdk2' build argument 'catkin_skip_building_tests' from command line to 'False'
[2.611s] DEBUG:colcon.colcon_core.verb:Building package 'livox_sdk2' with the following arguments: {'ament_cmake_args': None, 'build_base': '/home/humi/livox_ws/build/livox_sdk2', 'catkin_cmake_args': None, 'catkin_skip_building_tests': False, 'cmake_args': ['-DROS_EDITION=ROS2', '-DDISTRO_ROS=humble'], 'cmake_clean_cache': False, 'cmake_clean_first': False, 'cmake_force_configure': False, 'cmake_target': None, 'cmake_target_skip_unavailable': False, 'install_base': '/home/humi/livox_ws/install/livox_sdk2', 'merge_install': False, 'path': '/home/humi/livox_ws/Livox-SDK2', 'symlink_install': False, 'test_result_base': None}
[2.614s] Level 5:colcon.colcon_core.verb:set package 'mid360_check' build argument 'cmake_args' from command line to '['-DROS_EDITION=ROS2', '-DDISTRO_ROS=humble']'
[2.614s] Level 5:colcon.colcon_core.verb:set package 'mid360_check' build argument 'cmake_target' from command line to 'None'
[2.615s] Level 5:colcon.colcon_core.verb:set package 'mid360_check' build argument 'cmake_target_skip_unavailable' from command line to 'False'
[2.615s] Level 5:colcon.colcon_core.verb:set package 'mid360_check' build argument 'cmake_clean_cache' from command line to 'False'
[2.615s] Level 5:colcon.colcon_core.verb:set package 'mid360_check' build argument 'cmake_clean_first' from command line to 'False'
[2.615s] Level 5:colcon.colcon_core.verb:set package 'mid360_check' build argument 'cmake_force_configure' from command line to 'False'
[2.615s] Level 5:colcon.colcon_core.verb:set package 'mid360_check' build argument 'ament_cmake_args' from command line to 'None'
[2.615s] Level 5:colcon.colcon_core.verb:set package 'mid360_check' build argument 'catkin_cmake_args' from command line to 'None'
[2.616s] Level 5:colcon.colcon_core.verb:set package 'mid360_check' build argument 'catkin_skip_building_tests' from command line to 'False'
[2.616s] DEBUG:colcon.colcon_core.verb:Building package 'mid360_check' with the following arguments: {'ament_cmake_args': None, 'build_base': '/home/humi/livox_ws/build/mid360_check', 'catkin_cmake_args': None, 'catkin_skip_building_tests': False, 'cmake_args': ['-DROS_EDITION=ROS2', '-DDISTRO_ROS=humble'], 'cmake_clean_cache': False, 'cmake_clean_first': False, 'cmake_force_configure': False, 'cmake_target': None, 'cmake_target_skip_unavailable': False, 'install_base': '/home/humi/livox_ws/install/mid360_check', 'merge_install': False, 'path': '/home/humi/livox_ws/src/mid360_check', 'symlink_install': False, 'test_result_base': None}
[2.617s] INFO:colcon.colcon_core.executor:Executing jobs using 'parallel' executor
[2.622s] DEBUG:colcon.colcon_parallel_executor.executor.parallel:run_until_complete
[2.624s] INFO:colcon.colcon_ros.task.ament_cmake.build:Building ROS package in '/home/humi/livox_ws/src/livox_ros_driver2' with build type 'ament_cmake'
[2.624s] INFO:colcon.colcon_cmake.task.cmake.build:Building CMake package in '/home/humi/livox_ws/src/livox_ros_driver2'
[2.636s] INFO:colcon.colcon_core.plugin_system:Skipping extension 'colcon_core.shell.bat': Not used on non-Windows systems
[2.638s] INFO:colcon.colcon_core.shell:Skip shell extension 'powershell' for command environment: Not usable outside of PowerShell
[2.638s] DEBUG:colcon.colcon_core.shell:Skip shell extension 'dsv' for command environment
[2.656s] INFO:colcon.colcon_cmake.task.cmake.build:Building CMake package in '/home/humi/livox_ws/Livox-SDK2'
[2.657s] INFO:colcon.colcon_core.shell:Skip shell extension 'powershell' for command environment: Not usable outside of PowerShell
[2.658s] DEBUG:colcon.colcon_core.shell:Skip shell extension 'dsv' for command environment
[2.672s] INFO:colcon.colcon_ros.task.ament_python.build:Building ROS package in '/home/humi/livox_ws/src/mid360_check' with build type 'ament_python'
[2.673s] Level 1:colcon.colcon_core.shell:create_environment_hook('mid360_check', 'ament_prefix_path')
[2.675s] INFO:colcon.colcon_core.shell:Creating environment hook '/home/humi/livox_ws/install/mid360_check/share/mid360_check/hook/ament_prefix_path.ps1'
[2.680s] INFO:colcon.colcon_core.shell:Creating environment descriptor '/home/humi/livox_ws/install/mid360_check/share/mid360_check/hook/ament_prefix_path.dsv'
[2.682s] INFO:colcon.colcon_core.shell:Creating environment hook '/home/humi/livox_ws/install/mid360_check/share/mid360_check/hook/ament_prefix_path.sh'
[2.687s] INFO:colcon.colcon_core.shell:Skip shell extension 'powershell' for command environment: Not usable outside of PowerShell
[2.688s] DEBUG:colcon.colcon_core.shell:Skip shell extension 'dsv' for command environment
[2.714s] DEBUG:colcon.colcon_core.event_handler.log_command:Invoking command in '/home/humi/livox_ws/build/livox_ros_driver2': CMAKE_PREFIX_PATH=/opt/ros/humble /usr/bin/cmake /home/humi/livox_ws/src/livox_ros_driver2 -DROS_EDITION=ROS2 -DDISTRO_ROS=humble -DCMAKE_INSTALL_PREFIX=/home/humi/livox_ws/install/livox_ros_driver2
[2.724s] DEBUG:colcon.colcon_core.event_handler.log_command:Invoking command in '/home/humi/livox_ws/build/livox_sdk2': /usr/bin/cmake /home/humi/livox_ws/Livox-SDK2 -DROS_EDITION=ROS2 -DDISTRO_ROS=humble -DCMAKE_INSTALL_PREFIX=/home/humi/livox_ws/install/livox_sdk2
[2.990s] INFO:colcon.colcon_core.task.python.build:Building Python package in '/home/humi/livox_ws/src/mid360_check'
[2.991s] INFO:colcon.colcon_core.shell:Skip shell extension 'powershell' for command environment: Not usable outside of PowerShell
[2.991s] DEBUG:colcon.colcon_core.shell:Skip shell extension 'dsv' for command environment
[3.193s] DEBUG:colcon.colcon_core.event_handler.log_command:Invoked command in '/home/humi/livox_ws/build/livox_sdk2' returned '0': /usr/bin/cmake /home/humi/livox_ws/Livox-SDK2 -DROS_EDITION=ROS2 -DDISTRO_ROS=humble -DCMAKE_INSTALL_PREFIX=/home/humi/livox_ws/install/livox_sdk2
[3.195s] DEBUG:colcon.colcon_core.event_handler.log_command:Invoking command in '/home/humi/livox_ws/build/livox_sdk2': /usr/bin/cmake --build /home/humi/livox_ws/build/livox_sdk2 -- -j4 -l4
[4.057s] DEBUG:colcon.colcon_core.task.python.build:Available setuptools commands: build_ext, register, bdist_rpm, install, develop, compile_catalog, bdist, check, alias, dist_info, saveopts, upload_docs, bdist_egg, install_scripts, build_clib, install_headers, install_egg_info, rotate, clean, install_data, easy_install, upload, build_scripts, build, extract_messages, init_catalog, build_py, sdist, bdist_dumb, test, egg_info, update_catalog, setopt, install_lib, symlink_data
[4.064s] DEBUG:colcon.colcon_core.event_handler.log_command:Invoking command in '/home/humi/livox_ws/src/mid360_check': PYTHONPATH=/home/humi/livox_ws/build/mid360_check/prefix_override:/usr/lib/python3/dist-packages/colcon_core/task/python/colcon_distutils_commands:/home/humi/livox_ws/install/mid360_check/lib/python3.10/site-packages:${PYTHONPATH} /usr/bin/python3 -W ignore:setup.py install is deprecated -W ignore:easy_install command is deprecated setup.py egg_info --egg-base ../../build/mid360_check build --build-base /home/humi/livox_ws/build/mid360_check/build install --record /home/humi/livox_ws/build/mid360_check/install.log --install-scripts $base/lib/mid360_check --single-version-externally-managed install_data
[5.135s] Level 1:colcon.colcon_core.environment:checking '/home/humi/livox_ws/install/mid360_check' for CMake module files
[5.135s] Level 1:colcon.colcon_core.environment:checking '/home/humi/livox_ws/install/mid360_check' for CMake config files
[5.136s] Level 1:colcon.colcon_core.environment:checking '/home/humi/livox_ws/install/mid360_check/lib'
[5.136s] Level 1:colcon.colcon_core.environment:checking '/home/humi/livox_ws/install/mid360_check/bin'
[5.136s] Level 1:colcon.colcon_core.environment:checking '/home/humi/livox_ws/install/mid360_check/lib/pkgconfig/mid360_check.pc'
[5.137s] Level 1:colcon.colcon_core.environment:checking '/home/humi/livox_ws/install/mid360_check/lib/python3.10/site-packages'
[5.137s] Level 1:colcon.colcon_core.shell:create_environment_hook('mid360_check', 'pythonpath')
[5.137s] INFO:colcon.colcon_core.shell:Creating environment hook '/home/humi/livox_ws/install/mid360_check/share/mid360_check/hook/pythonpath.ps1'
[5.138s] INFO:colcon.colcon_core.shell:Creating environment descriptor '/home/humi/livox_ws/install/mid360_check/share/mid360_check/hook/pythonpath.dsv'
[5.138s] INFO:colcon.colcon_core.shell:Creating environment hook '/home/humi/livox_ws/install/mid360_check/share/mid360_check/hook/pythonpath.sh'
[5.139s] Level 1:colcon.colcon_core.environment:checking '/home/humi/livox_ws/install/mid360_check/bin'
[5.139s] Level 1:colcon.colcon_core.environment:create_environment_scripts_only(mid360_check)
[5.139s] INFO:colcon.colcon_core.shell:Creating package script '/home/humi/livox_ws/install/mid360_check/share/mid360_check/package.ps1'
[5.141s] DEBUG:colcon.colcon_core.event_handler.log_command:Invoked command in '/home/humi/livox_ws/src/mid360_check' returned '0': PYTHONPATH=/home/humi/livox_ws/build/mid360_check/prefix_override:/usr/lib/python3/dist-packages/colcon_core/task/python/colcon_distutils_commands:/home/humi/livox_ws/install/mid360_check/lib/python3.10/site-packages:${PYTHONPATH} /usr/bin/python3 -W ignore:setup.py install is deprecated -W ignore:easy_install command is deprecated setup.py egg_info --egg-base ../../build/mid360_check build --build-base /home/humi/livox_ws/build/mid360_check/build install --record /home/humi/livox_ws/build/mid360_check/install.log --install-scripts $base/lib/mid360_check --single-version-externally-managed install_data
[5.141s] INFO:colcon.colcon_core.shell:Creating package descriptor '/home/humi/livox_ws/install/mid360_check/share/mid360_check/package.dsv'
[5.142s] INFO:colcon.colcon_core.shell:Creating package script '/home/humi/livox_ws/install/mid360_check/share/mid360_check/package.sh'
[5.143s] INFO:colcon.colcon_core.shell:Creating package script '/home/humi/livox_ws/install/mid360_check/share/mid360_check/package.bash'
[5.144s] INFO:colcon.colcon_core.shell:Creating package script '/home/humi/livox_ws/install/mid360_check/share/mid360_check/package.zsh'
[5.144s] Level 1:colcon.colcon_core.environment:create_file_with_runtime_dependencies(/home/humi/livox_ws/install/mid360_check/share/colcon-core/packages/mid360_check)
[19.241s] DEBUG:colcon.colcon_core.event_handler.log_command:Invoked command in '/home/humi/livox_ws/build/livox_ros_driver2' returned '0': CMAKE_PREFIX_PATH=/opt/ros/humble /usr/bin/cmake /home/humi/livox_ws/src/livox_ros_driver2 -DROS_EDITION=ROS2 -DDISTRO_ROS=humble -DCMAKE_INSTALL_PREFIX=/home/humi/livox_ws/install/livox_ros_driver2
[19.243s] DEBUG:colcon.colcon_core.event_handler.log_command:Invoking command in '/home/humi/livox_ws/build/livox_ros_driver2': CMAKE_PREFIX_PATH=/opt/ros/humble /usr/bin/cmake --build /home/humi/livox_ws/build/livox_ros_driver2 -- -j4 -l4
[58.886s] DEBUG:colcon.colcon_core.event_handler.log_command:Invoked command in '/home/humi/livox_ws/build/livox_ros_driver2' returned '0': CMAKE_PREFIX_PATH=/opt/ros/humble /usr/bin/cmake --build /home/humi/livox_ws/build/livox_ros_driver2 -- -j4 -l4
[58.953s] DEBUG:colcon.colcon_core.event_handler.log_command:Invoking command in '/home/humi/livox_ws/build/livox_ros_driver2': CMAKE_PREFIX_PATH=/opt/ros/humble /usr/bin/cmake --install /home/humi/livox_ws/build/livox_ros_driver2
[59.204s] Level 1:colcon.colcon_core.environment:create_environment_scripts_only(livox_ros_driver2)
[59.205s] Level 1:colcon.colcon_core.environment:checking '/home/humi/livox_ws/install/livox_ros_driver2' for CMake module files
[59.208s] Level 1:colcon.colcon_core.environment:checking '/home/humi/livox_ws/install/livox_ros_driver2' for CMake config files
[59.211s] Level 1:colcon.colcon_core.shell:create_environment_hook('livox_ros_driver2', 'cmake_prefix_path')
[59.211s] INFO:colcon.colcon_core.shell:Creating environment hook '/home/humi/livox_ws/install/livox_ros_driver2/share/livox_ros_driver2/hook/cmake_prefix_path.ps1'
[59.213s] INFO:colcon.colcon_core.shell:Creating environment descriptor '/home/humi/livox_ws/install/livox_ros_driver2/share/livox_ros_driver2/hook/cmake_prefix_path.dsv'
[59.214s] INFO:colcon.colcon_core.shell:Creating environment hook '/home/humi/livox_ws/install/livox_ros_driver2/share/livox_ros_driver2/hook/cmake_prefix_path.sh'
[59.216s] Level 1:colcon.colcon_core.environment:checking '/home/humi/livox_ws/install/livox_ros_driver2/lib'
[59.216s] Level 1:colcon.colcon_core.shell:create_environment_hook('livox_ros_driver2', 'ld_library_path_lib')
[59.217s] INFO:colcon.colcon_core.shell:Creating environment hook '/home/humi/livox_ws/install/livox_ros_driver2/share/livox_ros_driver2/hook/ld_library_path_lib.ps1'
[59.218s] INFO:colcon.colcon_core.shell:Creating environment descriptor '/home/humi/livox_ws/install/livox_ros_driver2/share/livox_ros_driver2/hook/ld_library_path_lib.dsv'
[59.219s] INFO:colcon.colcon_core.shell:Creating environment hook '/home/humi/livox_ws/install/livox_ros_driver2/share/livox_ros_driver2/hook/ld_library_path_lib.sh'
[59.220s] Level 1:colcon.colcon_core.environment:checking '/home/humi/livox_ws/install/livox_ros_driver2/bin'
[59.221s] Level 1:colcon.colcon_core.environment:checking '/home/humi/livox_ws/install/livox_ros_driver2/lib/pkgconfig/livox_ros_driver2.pc'
[59.221s] Level 1:colcon.colcon_core.environment:checking '/home/humi/livox_ws/install/livox_ros_driver2/lib/python3.10/site-packages'
[59.221s] Level 1:colcon.colcon_core.environment:checking '/home/humi/livox_ws/install/livox_ros_driver2/bin'
[59.222s] INFO:colcon.colcon_core.shell:Creating package script '/home/humi/livox_ws/install/livox_ros_driver2/share/livox_ros_driver2/package.ps1'
[59.223s] INFO:colcon.colcon_core.shell:Creating package descriptor '/home/humi/livox_ws/install/livox_ros_driver2/share/livox_ros_driver2/package.dsv'
[59.226s] INFO:colcon.colcon_core.shell:Creating package script '/home/humi/livox_ws/install/livox_ros_driver2/share/livox_ros_driver2/package.sh'
[59.227s] INFO:colcon.colcon_core.shell:Creating package script '/home/humi/livox_ws/install/livox_ros_driver2/share/livox_ros_driver2/package.bash'
[59.228s] INFO:colcon.colcon_core.shell:Creating package script '/home/humi/livox_ws/install/livox_ros_driver2/share/livox_ros_driver2/package.zsh'
[59.229s] Level 1:colcon.colcon_core.environment:create_file_with_runtime_dependencies(/home/humi/livox_ws/install/livox_ros_driver2/share/colcon-core/packages/livox_ros_driver2)
[59.231s] Level 1:colcon.colcon_core.environment:create_environment_scripts_only(livox_ros_driver2)
[59.231s] Level 1:colcon.colcon_core.environment:checking '/home/humi/livox_ws/install/livox_ros_driver2' for CMake module files
[59.232s] Level 1:colcon.colcon_core.environment:checking '/home/humi/livox_ws/install/livox_ros_driver2' for CMake config files
[59.233s] Level 1:colcon.colcon_core.shell:create_environment_hook('livox_ros_driver2', 'cmake_prefix_path')
[59.233s] INFO:colcon.colcon_core.shell:Creating environment hook '/home/humi/livox_ws/install/livox_ros_driver2/share/livox_ros_driver2/hook/cmake_prefix_path.ps1'
[59.234s] INFO:colcon.colcon_core.shell:Creating environment descriptor '/home/humi/livox_ws/install/livox_ros_driver2/share/livox_ros_driver2/hook/cmake_prefix_path.dsv'
[59.234s] INFO:colcon.colcon_core.shell:Creating environment hook '/home/humi/livox_ws/install/livox_ros_driver2/share/livox_ros_driver2/hook/cmake_prefix_path.sh'
[59.235s] Level 1:colcon.colcon_core.environment:checking '/home/humi/livox_ws/install/livox_ros_driver2/lib'
[59.235s] Level 1:colcon.colcon_core.shell:create_environment_hook('livox_ros_driver2', 'ld_library_path_lib')
[59.235s] INFO:colcon.colcon_core.shell:Creating environment hook '/home/humi/livox_ws/install/livox_ros_driver2/share/livox_ros_driver2/hook/ld_library_path_lib.ps1'
[59.236s] INFO:colcon.colcon_core.shell:Creating environment descriptor '/home/humi/livox_ws/install/livox_ros_driver2/share/livox_ros_driver2/hook/ld_library_path_lib.dsv'
[59.236s] INFO:colcon.colcon_core.shell:Creating environment hook '/home/humi/livox_ws/install/livox_ros_driver2/share/livox_ros_driver2/hook/ld_library_path_lib.sh'
[59.237s] Level 1:colcon.colcon_core.environment:checking '/home/humi/livox_ws/install/livox_ros_driver2/bin'
[59.237s] Level 1:colcon.colcon_core.environment:checking '/home/humi/livox_ws/install/livox_ros_driver2/lib/pkgconfig/livox_ros_driver2.pc'
[59.237s] Level 1:colcon.colcon_core.environment:checking '/home/humi/livox_ws/install/livox_ros_driver2/lib/python3.10/site-packages'
[59.237s] Level 1:colcon.colcon_core.environment:checking '/home/humi/livox_ws/install/livox_ros_driver2/bin'
[59.238s] INFO:colcon.colcon_core.shell:Creating package script '/home/humi/livox_ws/install/livox_ros_driver2/share/livox_ros_driver2/package.ps1'
[59.239s] INFO:colcon.colcon_core.shell:Creating package descriptor '/home/humi/livox_ws/install/livox_ros_driver2/share/livox_ros_driver2/package.dsv'
[59.239s] INFO:colcon.colcon_core.shell:Creating package script '/home/humi/livox_ws/install/livox_ros_driver2/share/livox_ros_driver2/package.sh'
[59.240s] INFO:colcon.colcon_core.shell:Creating package script '/home/humi/livox_ws/install/livox_ros_driver2/share/livox_ros_driver2/package.bash'
[59.241s] INFO:colcon.colcon_core.shell:Creating package script '/home/humi/livox_ws/install/livox_ros_driver2/share/livox_ros_driver2/package.zsh'
[59.241s] Level 1:colcon.colcon_core.environment:create_file_with_runtime_dependencies(/home/humi/livox_ws/install/livox_ros_driver2/share/colcon-core/packages/livox_ros_driver2)
[59.294s] DEBUG:colcon.colcon_core.event_handler.log_command:Invoked command in '/home/humi/livox_ws/build/livox_ros_driver2' returned '0': CMAKE_PREFIX_PATH=/opt/ros/humble /usr/bin/cmake --install /home/humi/livox_ws/build/livox_ros_driver2
[74.745s] DEBUG:colcon.colcon_core.event_handler.log_command:Invoked command in '/home/humi/livox_ws/build/livox_sdk2' returned '0': /usr/bin/cmake --build /home/humi/livox_ws/build/livox_sdk2 -- -j4 -l4
[74.747s] DEBUG:colcon.colcon_core.event_handler.log_command:Invoking command in '/home/humi/livox_ws/build/livox_sdk2': /usr/bin/cmake --install /home/humi/livox_ws/build/livox_sdk2
[74.783s] Level 1:colcon.colcon_core.environment:create_environment_scripts_only(livox_sdk2)
[74.784s] Level 1:colcon.colcon_core.environment:checking '/home/humi/livox_ws/install/livox_sdk2' for CMake module files
[74.785s] DEBUG:colcon.colcon_core.event_handler.log_command:Invoked command in '/home/humi/livox_ws/build/livox_sdk2' returned '0': /usr/bin/cmake --install /home/humi/livox_ws/build/livox_sdk2
[74.786s] Level 1:colcon.colcon_core.environment:checking '/home/humi/livox_ws/install/livox_sdk2' for CMake config files
[74.786s] Level 1:colcon.colcon_core.environment:checking '/home/humi/livox_ws/install/livox_sdk2/lib'
[74.786s] Level 1:colcon.colcon_core.shell:create_environment_hook('livox_sdk2', 'ld_library_path_lib')
[74.786s] INFO:colcon.colcon_core.shell:Creating environment hook '/home/humi/livox_ws/install/livox_sdk2/share/livox_sdk2/hook/ld_library_path_lib.ps1'
[74.787s] INFO:colcon.colcon_core.shell:Creating environment descriptor '/home/humi/livox_ws/install/livox_sdk2/share/livox_sdk2/hook/ld_library_path_lib.dsv'
[74.787s] INFO:colcon.colcon_core.shell:Creating environment hook '/home/humi/livox_ws/install/livox_sdk2/share/livox_sdk2/hook/ld_library_path_lib.sh'
[74.787s] Level 1:colcon.colcon_core.environment:checking '/home/humi/livox_ws/install/livox_sdk2/bin'
[74.787s] Level 1:colcon.colcon_core.environment:checking '/home/humi/livox_ws/install/livox_sdk2/lib/pkgconfig/livox_sdk2.pc'
[74.787s] Level 1:colcon.colcon_core.environment:checking '/home/humi/livox_ws/install/livox_sdk2/lib/python3.10/site-packages'
[74.788s] Level 1:colcon.colcon_core.environment:checking '/home/humi/livox_ws/install/livox_sdk2/bin'
[74.788s] INFO:colcon.colcon_core.shell:Creating package script '/home/humi/livox_ws/install/livox_sdk2/share/livox_sdk2/package.ps1'
[74.789s] INFO:colcon.colcon_core.shell:Creating package descriptor '/home/humi/livox_ws/install/livox_sdk2/share/livox_sdk2/package.dsv'
[74.789s] INFO:colcon.colcon_core.shell:Creating package script '/home/humi/livox_ws/install/livox_sdk2/share/livox_sdk2/package.sh'
[74.789s] INFO:colcon.colcon_core.shell:Creating package script '/home/humi/livox_ws/install/livox_sdk2/share/livox_sdk2/package.bash'
[74.789s] INFO:colcon.colcon_core.shell:Creating package script '/home/humi/livox_ws/install/livox_sdk2/share/livox_sdk2/package.zsh'
[74.790s] Level 1:colcon.colcon_core.environment:create_file_with_runtime_dependencies(/home/humi/livox_ws/install/livox_sdk2/share/colcon-core/packages/livox_sdk2)
[74.790s] DEBUG:colcon.colcon_parallel_executor.executor.parallel:closing loop
[74.790s] DEBUG:colcon.colcon_parallel_executor.executor.parallel:loop closed
[74.790s] DEBUG:colcon.colcon_parallel_executor.executor.parallel:run_until_complete finished with '0'
[74.790s] DEBUG:colcon.colcon_core.event_reactor:joining thread
[74.792s] DEBUG:colcon.colcon_core.event_reactor:joined thread
[74.792s] INFO:colcon.colcon_core.shell:Creating prefix script '/home/humi/livox_ws/install/local_setup.ps1'
[74.793s] INFO:colcon.colcon_core.shell:Creating prefix util module '/home/humi/livox_ws/install/_local_setup_util_ps1.py'
[74.794s] INFO:colcon.colcon_core.shell:Creating prefix chain script '/home/humi/livox_ws/install/setup.ps1'
[74.795s] INFO:colcon.colcon_core.shell:Creating prefix script '/home/humi/livox_ws/install/local_setup.sh'
[74.795s] INFO:colcon.colcon_core.shell:Creating prefix util module '/home/humi/livox_ws/install/_local_setup_util_sh.py'
[74.796s] INFO:colcon.colcon_core.shell:Creating prefix chain script '/home/humi/livox_ws/install/setup.sh'
[74.797s] INFO:colcon.colcon_core.shell:Creating prefix script '/home/humi/livox_ws/install/local_setup.bash'
[74.797s] INFO:colcon.colcon_core.shell:Creating prefix chain script '/home/humi/livox_ws/install/setup.bash'
[74.798s] INFO:colcon.colcon_core.shell:Creating prefix script '/home/humi/livox_ws/install/local_setup.zsh'
[74.798s] INFO:colcon.colcon_core.shell:Creating prefix chain script '/home/humi/livox_ws/install/setup.zsh'
