[0.637s] Invoking command in '/home/humi/livox_ws/src/mid360_check': PYTHONPATH=/home/humi/livox_ws/build/mid360_check/prefix_override:/usr/lib/python3/dist-packages/colcon_core/task/python/colcon_distutils_commands:/home/humi/livox_ws/install/mid360_check/lib/python3.10/site-packages:${PYTHONPATH} /usr/bin/python3 -W ignore:setup.py install is deprecated -W ignore:easy_install command is deprecated setup.py egg_info --egg-base ../../build/mid360_check build --build-base /home/humi/livox_ws/build/mid360_check/build install --record /home/humi/livox_ws/build/mid360_check/install.log --install-scripts $base/lib/mid360_check --single-version-externally-managed install_data
[0.848s] running egg_info
[0.848s] writing ../../build/mid360_check/mid360_check.egg-info/PKG-INFO
[0.848s] writing dependency_links to ../../build/mid360_check/mid360_check.egg-info/dependency_links.txt
[0.848s] writing entry points to ../../build/mid360_check/mid360_check.egg-info/entry_points.txt
[0.848s] writing requirements to ../../build/mid360_check/mid360_check.egg-info/requires.txt
[0.848s] writing top-level names to ../../build/mid360_check/mid360_check.egg-info/top_level.txt
[0.849s] reading manifest file '../../build/mid360_check/mid360_check.egg-info/SOURCES.txt'
[0.849s] writing manifest file '../../build/mid360_check/mid360_check.egg-info/SOURCES.txt'
[0.849s] running build
[0.849s] running build_py
[0.849s] copying mid360_check/check_node.py -> /home/humi/livox_ws/build/mid360_check/build/lib/mid360_check
[0.850s] running install
[0.850s] running install_lib
[0.851s] copying /home/humi/livox_ws/build/mid360_check/build/lib/mid360_check/check_node.py -> /home/humi/livox_ws/install/mid360_check/lib/python3.10/site-packages/mid360_check
[0.851s] byte-compiling /home/humi/livox_ws/install/mid360_check/lib/python3.10/site-packages/mid360_check/check_node.py to check_node.cpython-310.pyc
[0.854s] running install_data
[0.854s] copying launch/mid360_check_launch.py -> /home/humi/livox_ws/install/mid360_check/share/mid360_check/launch
[0.854s] running install_egg_info
[0.855s] removing '/home/humi/livox_ws/install/mid360_check/lib/python3.10/site-packages/mid360_check-0.1.0-py3.10.egg-info' (and everything under it)
[0.856s] Copying ../../build/mid360_check/mid360_check.egg-info to /home/humi/livox_ws/install/mid360_check/lib/python3.10/site-packages/mid360_check-0.1.0-py3.10.egg-info
[0.856s] running install_scripts
[0.874s] Installing check_node script to /home/humi/livox_ws/install/mid360_check/lib/mid360_check
[0.875s] writing list of installed files to '/home/humi/livox_ws/build/mid360_check/install.log'
[0.897s] Invoked command in '/home/humi/livox_ws/src/mid360_check' returned '0': PYTHONPATH=/home/humi/livox_ws/build/mid360_check/prefix_override:/usr/lib/python3/dist-packages/colcon_core/task/python/colcon_distutils_commands:/home/humi/livox_ws/install/mid360_check/lib/python3.10/site-packages:${PYTHONPATH} /usr/bin/python3 -W ignore:setup.py install is deprecated -W ignore:easy_install command is deprecated setup.py egg_info --egg-base ../../build/mid360_check build --build-base /home/humi/livox_ws/build/mid360_check/build install --record /home/humi/livox_ws/build/mid360_check/install.log --install-scripts $base/lib/mid360_check --single-version-externally-managed install_data
